Script started on 2020-04-21 15:49:51+02:00 [<not executed on terminal>]
noice

Script done on 2020-04-21 15:49:51+02:00 [COMMAND_EXIT_CODE="0"]
